Archive member included to satisfy reference by file (symbol)

/home/wesley/Sources/TUhandControl/TivaC/TivaWare/driverlib/gcc/libdriver.a(gpio.o)
                              CMakeFiles/iocontrol.axf.dir/iocontrol.cpp.obj (GPIOPinWrite)
/home/wesley/Sources/TUhandControl/TivaC/TivaWare/driverlib/gcc/libdriver.a(interrupt.o)
                              CMakeFiles/iocontrol.axf.dir/iocontrol.cpp.obj (IntMasterEnable)
/home/wesley/Sources/TUhandControl/TivaC/TivaWare/driverlib/gcc/libdriver.a(sysctl.o)
                              CMakeFiles/iocontrol.axf.dir/iocontrol.cpp.obj (SysCtlPeripheralReady)
/home/wesley/Sources/TUhandControl/TivaC/TivaWare/driverlib/gcc/libdriver.a(systick.o)
                              CMakeFiles/iocontrol.axf.dir/iocontrol.cpp.obj (SysTickIntRegister)
/home/wesley/Sources/TUhandControl/TivaC/TivaWare/driverlib/gcc/libdriver.a(timer.o)
                              CMakeFiles/iocontrol.axf.dir/iocontrol.cpp.obj (TimerEnable)
/home/wesley/Sources/TUhandControl/TivaC/TivaWare/driverlib/gcc/libdriver.a(uart.o)
                              CMakeFiles/iocontrol.axf.dir/iocontrol.cpp.obj (UARTIntRegister)
/home/wesley/Sources/TUhandControl/TivaC/TivaWare/driverlib/gcc/libdriver.a(cpu.o)
                              /home/wesley/Sources/TUhandControl/TivaC/TivaWare/driverlib/gcc/libdriver.a(interrupt.o) (CPUcpsid)
/usr/bin/../lib/gcc/arm-none-eabi/6.2.1/thumb/v7e-m/fpv4-sp/hard/libgcc.a(_arm_addsubdf3.o)
                              CMakeFiles/iocontrol.axf.dir/home/wesley/Sources/MuscleLikeActuator/ros/build/ros_tivac/ros_lib/duration.cpp.obj (__aeabi_i2d)
/usr/bin/../lib/gcc/arm-none-eabi/6.2.1/thumb/v7e-m/fpv4-sp/hard/libgcc.a(_arm_muldivdf3.o)
                              CMakeFiles/iocontrol.axf.dir/home/wesley/Sources/MuscleLikeActuator/ros/build/ros_tivac/ros_lib/duration.cpp.obj (__aeabi_dmul)
/usr/bin/../lib/gcc/arm-none-eabi/6.2.1/thumb/v7e-m/fpv4-sp/hard/libgcc.a(_arm_fixdfsi.o)
                              CMakeFiles/iocontrol.axf.dir/home/wesley/Sources/MuscleLikeActuator/ros/build/ros_tivac/ros_lib/duration.cpp.obj (__aeabi_d2iz)
/usr/bin/../lib/gcc/arm-none-eabi/6.2.1/../../../../arm-none-eabi/lib/thumb/v7e-m/fpv4-sp/hard/libc.a(lib_a-memcpy.o)
                              CMakeFiles/iocontrol.axf.dir/iocontrol.cpp.obj (memcpy)
/usr/bin/../lib/gcc/arm-none-eabi/6.2.1/../../../../arm-none-eabi/lib/thumb/v7e-m/fpv4-sp/hard/libc.a(lib_a-realloc.o)
                              CMakeFiles/iocontrol.axf.dir/iocontrol.cpp.obj (realloc)
/usr/bin/../lib/gcc/arm-none-eabi/6.2.1/../../../../arm-none-eabi/lib/thumb/v7e-m/fpv4-sp/hard/libc.a(lib_a-reallocr.o)
                              /usr/bin/../lib/gcc/arm-none-eabi/6.2.1/../../../../arm-none-eabi/lib/thumb/v7e-m/fpv4-sp/hard/libc.a(lib_a-realloc.o) (_realloc_r)
/usr/bin/../lib/gcc/arm-none-eabi/6.2.1/../../../../arm-none-eabi/lib/thumb/v7e-m/fpv4-sp/hard/libc.a(lib_a-strlen.o)
                              CMakeFiles/iocontrol.axf.dir/iocontrol.cpp.obj (strlen)
/usr/bin/../lib/gcc/arm-none-eabi/6.2.1/../../../../arm-none-eabi/lib/thumb/v7e-m/fpv4-sp/hard/libc.a(lib_a-freer.o)
                              /usr/bin/../lib/gcc/arm-none-eabi/6.2.1/../../../../arm-none-eabi/lib/thumb/v7e-m/fpv4-sp/hard/libc.a(lib_a-reallocr.o) (_free_r)
/usr/bin/../lib/gcc/arm-none-eabi/6.2.1/../../../../arm-none-eabi/lib/thumb/v7e-m/fpv4-sp/hard/libc.a(lib_a-impure.o)
                              /usr/bin/../lib/gcc/arm-none-eabi/6.2.1/../../../../arm-none-eabi/lib/thumb/v7e-m/fpv4-sp/hard/libc.a(lib_a-realloc.o) (_impure_ptr)
/usr/bin/../lib/gcc/arm-none-eabi/6.2.1/../../../../arm-none-eabi/lib/thumb/v7e-m/fpv4-sp/hard/libc.a(lib_a-mallocr.o)
                              /usr/bin/../lib/gcc/arm-none-eabi/6.2.1/../../../../arm-none-eabi/lib/thumb/v7e-m/fpv4-sp/hard/libc.a(lib_a-reallocr.o) (_malloc_r)
/usr/bin/../lib/gcc/arm-none-eabi/6.2.1/../../../../arm-none-eabi/lib/thumb/v7e-m/fpv4-sp/hard/libc.a(lib_a-memmove.o)
                              /usr/bin/../lib/gcc/arm-none-eabi/6.2.1/../../../../arm-none-eabi/lib/thumb/v7e-m/fpv4-sp/hard/libc.a(lib_a-reallocr.o) (memmove)
/usr/bin/../lib/gcc/arm-none-eabi/6.2.1/../../../../arm-none-eabi/lib/thumb/v7e-m/fpv4-sp/hard/libc.a(lib_a-mlock.o)
                              /usr/bin/../lib/gcc/arm-none-eabi/6.2.1/../../../../arm-none-eabi/lib/thumb/v7e-m/fpv4-sp/hard/libc.a(lib_a-reallocr.o) (__malloc_lock)
/usr/bin/../lib/gcc/arm-none-eabi/6.2.1/../../../../arm-none-eabi/lib/thumb/v7e-m/fpv4-sp/hard/libc.a(lib_a-sbrkr.o)
                              /usr/bin/../lib/gcc/arm-none-eabi/6.2.1/../../../../arm-none-eabi/lib/thumb/v7e-m/fpv4-sp/hard/libc.a(lib_a-freer.o) (_sbrk_r)
/usr/bin/../lib/gcc/arm-none-eabi/6.2.1/../../../../arm-none-eabi/lib/thumb/v7e-m/fpv4-sp/hard/libc.a(lib_a-reent.o)
                              /usr/bin/../lib/gcc/arm-none-eabi/6.2.1/../../../../arm-none-eabi/lib/thumb/v7e-m/fpv4-sp/hard/libc.a(lib_a-sbrkr.o) (errno)
[...]
Memory Configuration

Name             Origin             Length             Attributes
FLASH            0x0000000000000000 0x0000000000040000 xr
SRAM             0x0000000020000000 0x0000000000008000 xrw
*default*        0x0000000000000000 0xffffffffffffffff

Linker script and memory map

LOAD CMakeFiles/iocontrol.axf.dir/iocontrol.cpp.obj
LOAD CMakeFiles/iocontrol.axf.dir/home/wesley/Sources/MuscleLikeActuator/ros/build/ros_tivac/ros_lib/startup_gcc.c.obj
LOAD CMakeFiles/iocontrol.axf.dir/home/wesley/Sources/TUhandControl/TivaC/TivaWare/utils/ringbuf.c.obj
LOAD CMakeFiles/iocontrol.axf.dir/home/wesley/Sources/MuscleLikeActuator/ros/build/ros_tivac/ros_lib/duration.cpp.obj
LOAD CMakeFiles/iocontrol.axf.dir/home/wesley/Sources/MuscleLikeActuator/ros/build/ros_tivac/ros_lib/time.cpp.obj
LOAD CMakeFiles/iocontrol.axf.dir/home/wesley/Sources/MuscleLikeActuator/ros/build/ros_tivac/ros_lib/tivac_hardware.cpp.obj
LOAD /home/wesley/Sources/TUhandControl/TivaC/TivaWare/driverlib/gcc/libdriver.a
LOAD /usr/bin/../lib/gcc/arm-none-eabi/6.2.1/../../../../arm-none-eabi/lib/thumb/v7e-m/fpv4-sp/hard/libstdc++.a
LOAD /usr/bin/../lib/gcc/arm-none-eabi/6.2.1/../../../../arm-none-eabi/lib/thumb/v7e-m/fpv4-sp/hard/libm.a
START GROUP
LOAD /usr/bin/../lib/gcc/arm-none-eabi/6.2.1/thumb/v7e-m/fpv4-sp/hard/libgcc.a
LOAD /usr/bin/../lib/gcc/arm-none-eabi/6.2.1/thumb/v7e-m/fpv4-sp/hard/libgcc.a
LOAD /usr/bin/../lib/gcc/arm-none-eabi/6.2.1/../../../../arm-none-eabi/lib/thumb/v7e-m/fpv4-sp/hard/libc.a
LOAD /usr/bin/../lib/gcc/arm-none-eabi/6.2.1/../../../../arm-none-eabi/lib/thumb/v7e-m/fpv4-sp/hard/libm.a
LOAD /usr/bin/../lib/gcc/arm-none-eabi/6.2.1/../../../../arm-none-eabi/lib/thumb/v7e-m/fpv4-sp/hard/libnosys.a
END GROUP

.text           0x0000000000000000     0x2930
                0x0000000000000000                . = ALIGN (0x4)
                0x0000000000000000                _text = .
 *(.isr_vector)
 .isr_vector    0x0000000000000000      0x26c CMakeFiles/iocontrol.axf.dir/home/wesley/Sources/MuscleLikeActuator/ros/build/ros_tivac/ros_lib/startup_gcc.c.obj
                0x0000000000000000                g_pfnVectors
 *(.text .text* .gnu.linkonce.t.*)
 .text._ZNK8std_msgs4Time9serializeEPh
                0x000000000000026c       0x28 CMakeFiles/iocontrol.axf.dir/iocontrol.cpp.obj
                0x000000000000026c                std_msgs::Time::serialize(unsigned char*) const
 .text._ZN8std_msgs4Time11deserializeEPh
                0x0000000000000294       0x3c CMakeFiles/iocontrol.axf.dir/iocontrol.cpp.obj
                0x0000000000000294                std_msgs::Time::deserialize(unsigned char*)
 .text._ZN8std_msgs4Time7getTypeEv
                0x00000000000002d0        0x8 CMakeFiles/iocontrol.axf.dir/iocontrol.cpp.obj
                0x00000000000002d0                std_msgs::Time::getType()
 .text._ZN8std_msgs4Time6getMD5Ev
                0x00000000000002d8        0x8 CMakeFiles/iocontrol.axf.dir/iocontrol.cpp.obj
                0x00000000000002d8                std_msgs::Time::getMD5()
 .text._ZN14rosserial_msgs9TopicInfo7getTypeEv
                0x00000000000002e0        0x8 CMakeFiles/iocontrol.axf.dir/iocontrol.cpp.obj
                0x00000000000002e0                rosserial_msgs::TopicInfo::getType()
 .text._ZN14rosserial_msgs9TopicInfo6getMD5Ev
                0x00000000000002e8        0x8 CMakeFiles/iocontrol.axf.dir/iocontrol.cpp.obj
                0x00000000000002e8                rosserial_msgs::TopicInfo::getMD5()
 .text._ZN14rosserial_msgs3Log7getTypeEv
                0x00000000000002f0        0x8 CMakeFiles/iocontrol.axf.dir/iocontrol.cpp.obj
                0x00000000000002f0                rosserial_msgs::Log::getType()
 .text._ZN14rosserial_msgs3Log6getMD5Ev
                0x00000000000002f8        0x8 CMakeFiles/iocontrol.axf.dir/iocontrol.cpp.obj
                0x00000000000002f8                rosserial_msgs::Log::getMD5()
 .text._ZN14rosserial_msgs20RequestParamResponse7getTypeEv
                0x0000000000000300        0x8 CMakeFiles/iocontrol.axf.dir/iocontrol.cpp.obj
                0x0000000000000300                rosserial_msgs::RequestParamResponse::getType()
 .text._ZN14rosserial_msgs20RequestParamResponse6getMD5Ev
                0x0000000000000308        0x8 CMakeFiles/iocontrol.axf.dir/iocontrol.cpp.obj
                0x0000000000000308                rosserial_msgs::RequestParamResponse::getMD5()
 .text._ZNK19tivac_iocontrol_msg10IO_Control9serializeEPh
                0x0000000000000310       0x10 CMakeFiles/iocontrol.axf.dir/iocontrol.cpp.obj
                0x0000000000000310                tivac_iocontrol_msg::IO_Control::serialize(unsigned char*) const
 .text._ZN19tivac_iocontrol_msg10IO_Control11deserializeEPh
                0x0000000000000320       0x10 CMakeFiles/iocontrol.axf.dir/iocontrol.cpp.obj
                0x0000000000000320                tivac_iocontrol_msg::IO_Control::deserialize(unsigned char*)
 .text._ZN19tivac_iocontrol_msg10IO_Control7getTypeEv
                0x0000000000000330        0x8 CMakeFiles/iocontrol.axf.dir/iocontrol.cpp.obj
                0x0000000000000330                tivac_iocontrol_msg::IO_Control::getType()
 .text._ZN19tivac_iocontrol_msg10IO_Control6getMD5Ev
                0x0000000000000338        0x8 CMakeFiles/iocontrol.axf.dir/iocontrol.cpp.obj
                0x0000000000000338                tivac_iocontrol_msg::IO_Control::getMD5()
 .text._ZN3ros11NodeHandle_I13TivaCHardwareLi25ELi25ELi512ELi512EE9connectedEv
                0x0000000000000340        0x6 CMakeFiles/iocontrol.axf.dir/iocontrol.cpp.obj
                0x0000000000000340                ros::NodeHandle_<TivaCHardware, 25, 25, 512, 512>::connected()
 .text._ZN3ros10SubscriberIN19tivac_iocontrol_msg10IO_ControlEvE8callbackEPh
                0x0000000000000346       0x12 CMakeFiles/iocontrol.axf.dir/iocontrol.cpp.obj
                0x0000000000000346                ros::Subscriber<tivac_iocontrol_msg::IO_Control, void>::callback(unsigned char*)
 .text._ZN3ros10SubscriberIN19tivac_iocontrol_msg10IO_ControlEvE15getEndpointTypeEv
                0x0000000000000358        0x4 CMakeFiles/iocontrol.axf.dir/iocontrol.cpp.obj
                0x0000000000000358                ros::Subscriber<tivac_iocontrol_msg::IO_Control, void>::getEndpointType()
 .text._ZN3ros10SubscriberIN19tivac_iocontrol_msg10IO_ControlEvE10getMsgTypeEv
                0x000000000000035c        0x8 CMakeFiles/iocontrol.axf.dir/iocontrol.cpp.obj
                0x000000000000035c                ros::Subscriber<tivac_iocontrol_msg::IO_Control, void>::getMsgType()
 .text._ZN3ros10SubscriberIN19tivac_iocontrol_msg10IO_ControlEvE9getMsgMD5Ev
                0x0000000000000364        0x8 CMakeFiles/iocontrol.axf.dir/iocontrol.cpp.obj
                0x0000000000000364                ros::Subscriber<tivac_iocontrol_msg::IO_Control, void>::getMsgMD5()
 .text._Z16IOControlHandlerRKN19tivac_iocontrol_msg10IO_ControlE
                0x000000000000036c       0x4c CMakeFiles/iocontrol.axf.dir/iocontrol.cpp.obj
                0x000000000000036c                IOControlHandler(tivac_iocontrol_msg::IO_Control const&)
 .text._ZN13TivaCHardware14UARTIntHandlerEv
                0x00000000000003b8       0x84 CMakeFiles/iocontrol.axf.dir/iocontrol.cpp.obj
                0x00000000000003b8                TivaCHardware::UARTIntHandler()
 .text._ZN13TivaCHardware17SystickIntHandlerEv
                0x000000000000043c       0x48 CMakeFiles/iocontrol.axf.dir/iocontrol.cpp.obj
                0x000000000000043c                TivaCHardware::SystickIntHandler()
 .text._ZN3ros11NodeHandle_I13TivaCHardwareLi25ELi25ELi512ELi512EE7publishEiPKNS_3MsgE
                0x0000000000000484       0xe8 CMakeFiles/iocontrol.axf.dir/iocontrol.cpp.obj
                0x0000000000000484                ros::NodeHandle_<TivaCHardware, 25, 25, 512, 512>::publish(int, ros::Msg const*)
 .text._ZN13TivaCHardware4initEv
                0x000000000000056c      0x134 CMakeFiles/iocontrol.axf.dir/iocontrol.cpp.obj
                0x000000000000056c                TivaCHardware::init()
 .text._Z20enableSysPeripheralsv
                0x00000000000006a0      0x110 CMakeFiles/iocontrol.axf.dir/iocontrol.cpp.obj
                0x00000000000006a0                enableSysPeripherals()
 .text._ZN3ros3Msg8varToArrIPhmEEvT_T0_
                0x00000000000007b0       0x14 CMakeFiles/iocontrol.axf.dir/iocontrol.cpp.obj
                0x00000000000007b0                void ros::Msg::varToArr<unsigned char*, unsigned long>(unsigned char*, unsigned long)
 .text._ZNK14rosserial_msgs20RequestParamResponse9serializeEPh
                0x00000000000007c4       0xe2 CMakeFiles/iocontrol.axf.dir/iocontrol.cpp.obj
                0x00000000000007c4                rosserial_msgs::RequestParamResponse::serialize(unsigned char*) const
 .text._ZNK14rosserial_msgs3Log9serializeEPh
                0x00000000000008a6       0x2c CMakeFiles/iocontrol.axf.dir/iocontrol.cpp.obj
                0x00000000000008a6                rosserial_msgs::Log::serialize(unsigned char*) const
 .text._ZNK14rosserial_msgs9TopicInfo9serializeEPh
                0x00000000000008d2       0x86 CMakeFiles/iocontrol.axf.dir/iocontrol.cpp.obj
                0x00000000000008d2                rosserial_msgs::TopicInfo::serialize(unsigned char*) const
 .text._ZN3ros3Msg8arrToVarImPhEEvRT_T0_
                0x0000000000000958       0x1e CMakeFiles/iocontrol.axf.dir/iocontrol.cpp.obj
                0x0000000000000958                void ros::Msg::arrToVar<unsigned long, unsigned char*>(unsigned long&, unsigned char*)
 .text._ZN14rosserial_msgs3Log11deserializeEPh
                0x0000000000000976       0x36 CMakeFiles/iocontrol.axf.dir/iocontrol.cpp.obj
                0x0000000000000976                rosserial_msgs::Log::deserialize(unsigned char*)
 .text._ZN14rosserial_msgs9TopicInfo11deserializeEPh
                0x00000000000009ac       0xb6 CMakeFiles/iocontrol.axf.dir/iocontrol.cpp.obj
                0x00000000000009ac                rosserial_msgs::TopicInfo::deserialize(unsigned char*)
 .text._ZN14rosserial_msgs20RequestParamResponse11deserializeEPh
                0x0000000000000a62      0x12e CMakeFiles/iocontrol.axf.dir/iocontrol.cpp.obj
                0x0000000000000a62                rosserial_msgs::RequestParamResponse::deserialize(unsigned char*)
 .text._ZN3ros11NodeHandle_I13TivaCHardwareLi25ELi25ELi512ELi512EE15requestSyncTimeEv
                0x0000000000000b90       0x2c CMakeFiles/iocontrol.axf.dir/iocontrol.cpp.obj
                0x0000000000000b90                ros::NodeHandle_<TivaCHardware, 25, 25, 512, 512>::requestSyncTime()
 .text._ZN3ros11NodeHandle_I13TivaCHardwareLi25ELi25ELi512ELi512EE15negotiateTopicsEv
                0x0000000000000bbc       0xbc CMakeFiles/iocontrol.axf.dir/iocontrol.cpp.obj
                0x0000000000000bbc                ros::NodeHandle_<TivaCHardware, 25, 25, 512, 512>::negotiateTopics()
 .text._ZN3ros11NodeHandle_I13TivaCHardwareLi25ELi25ELi512ELi512EE8spinOnceEv
                0x0000000000000c78      0x268 CMakeFiles/iocontrol.axf.dir/iocontrol.cpp.obj
                0x0000000000000c78                ros::NodeHandle_<TivaCHardware, 25, 25, 512, 512>::spinOnce()
 .text._Z14PeriodicUpdatev
                0x0000000000000ee0       0x1c CMakeFiles/iocontrol.axf.dir/iocontrol.cpp.obj
                0x0000000000000ee0                PeriodicUpdate()
 .text.startup.main
                0x0000000000000efc      0x114 CMakeFiles/iocontrol.axf.dir/iocontrol.cpp.obj
                0x0000000000000efc                main
 .text.startup._GLOBAL__sub_I_nh
                0x0000000000001010       0xac CMakeFiles/iocontrol.axf.dir/iocontrol.cpp.obj
 .text.NmiSR    0x00000000000010bc        0x2 CMakeFiles/iocontrol.axf.dir/home/wesley/Sources/MuscleLikeActuator/ros/build/ros_tivac/ros_lib/startup_gcc.c.obj
 .text.FaultISR
                0x00000000000010be        0x2 CMakeFiles/iocontrol.axf.dir/home/wesley/Sources/MuscleLikeActuator/ros/build/ros_tivac/ros_lib/startup_gcc.c.obj
 .text.IntDefaultHandler
                0x00000000000010c0        0x2 CMakeFiles/iocontrol.axf.dir/home/wesley/Sources/MuscleLikeActuator/ros/build/ros_tivac/ros_lib/startup_gcc.c.obj
 *fill*         0x00000000000010c2        0x2 
 .text.ResetISR
                0x00000000000010c4       0x94 CMakeFiles/iocontrol.axf.dir/home/wesley/Sources/MuscleLikeActuator/ros/build/ros_tivac/ros_lib/startup_gcc.c.obj
                0x00000000000010c4                ResetISR
 .text.UpdateIndexAtomic
                0x0000000000001158       0x2a CMakeFiles/iocontrol.axf.dir/home/wesley/Sources/TUhandControl/TivaC/TivaWare/utils/ringbuf.c.obj
 .text.RingBufEmpty
                0x0000000000001182        0xc CMakeFiles/iocontrol.axf.dir/home/wesley/Sources/TUhandControl/TivaC/TivaWare/utils/ringbuf.c.obj
                0x0000000000001182                RingBufEmpty
 .text.RingBufReadOne
                0x000000000000118e       0x16 CMakeFiles/iocontrol.axf.dir/home/wesley/Sources/TUhandControl/TivaC/TivaWare/utils/ringbuf.c.obj
                0x000000000000118e                RingBufReadOne
 .text.RingBufWriteOne
                0x00000000000011a4       0x12 CMakeFiles/iocontrol.axf.dir/home/wesley/Sources/TUhandControl/TivaC/TivaWare/utils/ringbuf.c.obj
                0x00000000000011a4                RingBufWriteOne
 .text.RingBufWrite
                0x00000000000011b6       0x1a CMakeFiles/iocontrol.axf.dir/home/wesley/Sources/TUhandControl/TivaC/TivaWare/utils/ringbuf.c.obj
                0x00000000000011b6                RingBufWrite
 .text.RingBufInit
                0x00000000000011d0        0xc CMakeFiles/iocontrol.axf.dir/home/wesley/Sources/TUhandControl/TivaC/TivaWare/utils/ringbuf.c.obj
                0x00000000000011d0                RingBufInit
 .text._ZN3ros16normalizeSecNSecERmS0_
                0x00000000000011dc       0x1c CMakeFiles/iocontrol.axf.dir/home/wesley/Sources/MuscleLikeActuator/ros/build/ros_tivac/ros_lib/time.cpp.obj
                0x00000000000011dc                ros::normalizeSecNSec(unsigned long&, unsigned long&)
 .text.GPIODirModeSet
                0x00000000000011f8       0x26 /home/wesley/Sources/TUhandControl/TivaC/TivaWare/driverlib/gcc/libdriver.a(gpio.o)
                0x00000000000011f8                GPIODirModeSet
 .text.GPIOPadConfigSet
                0x000000000000121e      0x106 /home/wesley/Sources/TUhandControl/TivaC/TivaWare/driverlib/gcc/libdriver.a(gpio.o)
                0x000000000000121e                GPIOPadConfigSet
 .text.GPIOPinWrite
                0x0000000000001324        0x6 /home/wesley/Sources/TUhandControl/TivaC/TivaWare/driverlib/gcc/libdriver.a(gpio.o)
                0x0000000000001324                GPIOPinWrite
 .text.GPIOPinTypeGPIOOutput
                0x000000000000132a       0x18 /home/wesley/Sources/TUhandControl/TivaC/TivaWare/driverlib/gcc/libdriver.a(gpio.o)
                0x000000000000132a                GPIOPinTypeGPIOOutput
 .text.IntMasterEnable
                0x0000000000001342        0xe /home/wesley/Sources/TUhandControl/TivaC/TivaWare/driverlib/gcc/libdriver.a(interrupt.o)
                0x0000000000001342                IntMasterEnable
 .text.IntMasterDisable
                0x0000000000001350        0xe /home/wesley/Sources/TUhandControl/TivaC/TivaWare/driverlib/gcc/libdriver.a(interrupt.o)
                0x0000000000001350                IntMasterDisable
 *fill*         0x000000000000135e        0x2 
 .text.IntRegister
                0x0000000000001360       0x34 /home/wesley/Sources/TUhandControl/TivaC/TivaWare/driverlib/gcc/libdriver.a(interrupt.o)
                0x0000000000001360                IntRegister
 .text.IntEnable
                0x0000000000001394       0x60 /home/wesley/Sources/TUhandControl/TivaC/TivaWare/driverlib/gcc/libdriver.a(interrupt.o)
                0x0000000000001394                IntEnable
 .text.SysCtlPeripheralReady
                0x00000000000013f4       0x2c /home/wesley/Sources/TUhandControl/TivaC/TivaWare/driverlib/gcc/libdriver.a(sysctl.o)
                0x00000000000013f4                SysCtlPeripheralReady
 .text.SysCtlPeripheralEnable
                0x0000000000001420       0x28 /home/wesley/Sources/TUhandControl/TivaC/TivaWare/driverlib/gcc/libdriver.a(sysctl.o)
                0x0000000000001420                SysCtlPeripheralEnable
 .text.SysCtlClockGet
                0x0000000000001448      0x150 /home/wesley/Sources/TUhandControl/TivaC/TivaWare/driverlib/gcc/libdriver.a(sysctl.o)
                0x0000000000001448                SysCtlClockGet
 .text.SysTickIntRegister
                0x0000000000001598       0x1c /home/wesley/Sources/TUhandControl/TivaC/TivaWare/driverlib/gcc/libdriver.a(systick.o)
                0x0000000000001598                SysTickIntRegister
 .text._TimerIntNumberGet
                0x00000000000015b4       0x4c /home/wesley/Sources/TUhandControl/TivaC/TivaWare/driverlib/gcc/libdriver.a(timer.o)
 .text.TimerEnable
                0x0000000000001600       0x10 /home/wesley/Sources/TUhandControl/TivaC/TivaWare/driverlib/gcc/libdriver.a(timer.o)
                0x0000000000001600                TimerEnable
 .text.TimerDisable
                0x0000000000001610       0x12 /home/wesley/Sources/TUhandControl/TivaC/TivaWare/driverlib/gcc/libdriver.a(timer.o)
                0x0000000000001610                TimerDisable
 *fill*         0x0000000000001622        0x2 
 .text.TimerConfigure
                0x0000000000001624       0x58 /home/wesley/Sources/TUhandControl/TivaC/TivaWare/driverlib/gcc/libdriver.a(timer.o)
                0x0000000000001624                TimerConfigure
 .text.TimerLoadSet
                0x000000000000167c       0x12 /home/wesley/Sources/TUhandControl/TivaC/TivaWare/driverlib/gcc/libdriver.a(timer.o)
                0x000000000000167c                TimerLoadSet
 .text.TimerIntRegister
                0x000000000000168e       0x1a /home/wesley/Sources/TUhandControl/TivaC/TivaWare/driverlib/gcc/libdriver.a(timer.o)
                0x000000000000168e                TimerIntRegister
 .text.TimerIntEnable
                0x00000000000016a8        0x8 /home/wesley/Sources/TUhandControl/TivaC/TivaWare/driverlib/gcc/libdriver.a(timer.o)
                0x00000000000016a8                TimerIntEnable
 .text.TimerIntClear
                0x00000000000016b0        0x4 /home/wesley/Sources/TUhandControl/TivaC/TivaWare/driverlib/gcc/libdriver.a(timer.o)
                0x00000000000016b0                TimerIntClear
 .text._UARTIntNumberGet
                0x00000000000016b4       0x44 /home/wesley/Sources/TUhandControl/TivaC/TivaWare/driverlib/gcc/libdriver.a(uart.o)
 .text.UARTIntRegister
                0x00000000000016f8       0x1a /home/wesley/Sources/TUhandControl/TivaC/TivaWare/driverlib/gcc/libdriver.a(uart.o)
                0x00000000000016f8                UARTIntRegister
 .text.CPUcpsid
                0x0000000000001712        0x8 /home/wesley/Sources/TUhandControl/TivaC/TivaWare/driverlib/gcc/libdriver.a(cpu.o)
                0x0000000000001712                CPUcpsid
 .text.CPUcpsie
                0x000000000000171a        0x8 /home/wesley/Sources/TUhandControl/TivaC/TivaWare/driverlib/gcc/libdriver.a(cpu.o)
                0x000000000000171a                CPUcpsie
 *fill*         0x0000000000001722        0x2 
 .text          0x0000000000001724      0x134 /usr/bin/../lib/gcc/arm-none-eabi/6.2.1/../../../../arm-none-eabi/lib/thumb/v7e-m/fpv4-sp/hard/libc.a(lib_a-memcpy.o)
                0x0000000000001724                memcpy
 .text.realloc  0x0000000000001858       0x10 /usr/bin/../lib/gcc/arm-none-eabi/6.2.1/../../../../arm-none-eabi/lib/thumb/v7e-m/fpv4-sp/hard/libc.a(lib_a-realloc.o)
                0x0000000000001858                realloc
 .text._realloc_r
                0x0000000000001868      0x34c /usr/bin/../lib/gcc/arm-none-eabi/6.2.1/../../../../arm-none-eabi/lib/thumb/v7e-m/fpv4-sp/hard/libc.a(lib_a-reallocr.o)
                0x0000000000001868                _realloc_r
 *fill*         0x0000000000001bb4        0xc 
 .text          0x0000000000001bc0       0xdc /usr/bin/../lib/gcc/arm-none-eabi/6.2.1/../../../../arm-none-eabi/lib/thumb/v7e-m/fpv4-sp/hard/libc.a(lib_a-strlen.o)
                0x0000000000001bc0                strlen
 .text._malloc_trim_r
                0x0000000000001c9c       0xa0 /usr/bin/../lib/gcc/arm-none-eabi/6.2.1/../../../../arm-none-eabi/lib/thumb/v7e-m/fpv4-sp/hard/libc.a(lib_a-freer.o)
                0x0000000000001c9c                _malloc_trim_r
 .text._free_r  0x0000000000001d3c      0x1cc /usr/bin/../lib/gcc/arm-none-eabi/6.2.1/../../../../arm-none-eabi/lib/thumb/v7e-m/fpv4-sp/hard/libc.a(lib_a-freer.o)
                0x0000000000001d3c                _free_r
 .text._malloc_r
                0x0000000000001f08      0x560 /usr/bin/../lib/gcc/arm-none-eabi/6.2.1/../../../../arm-none-eabi/lib/thumb/v7e-m/fpv4-sp/hard/libc.a(lib_a-mallocr.o)
                0x0000000000001f08                _malloc_r
 .text.memmove  0x0000000000002468       0xc8 /usr/bin/../lib/gcc/arm-none-eabi/6.2.1/../../../../arm-none-eabi/lib/thumb/v7e-m/fpv4-sp/hard/libc.a(lib_a-memmove.o)
                0x0000000000002468                memmove
 .text.__malloc_lock
                0x0000000000002530        0x4 /usr/bin/../lib/gcc/arm-none-eabi/6.2.1/../../../../arm-none-eabi/lib/thumb/v7e-m/fpv4-sp/hard/libc.a(lib_a-mlock.o)
                0x0000000000002530                __malloc_lock
 .text.__malloc_unlock
                0x0000000000002534        0x4 /usr/bin/../lib/gcc/arm-none-eabi/6.2.1/../../../../arm-none-eabi/lib/thumb/v7e-m/fpv4-sp/hard/libc.a(lib_a-mlock.o)
                0x0000000000002534                __malloc_unlock
 .text._sbrk_r  0x0000000000002538       0x24 /usr/bin/../lib/gcc/arm-none-eabi/6.2.1/../../../../arm-none-eabi/lib/thumb/v7e-m/fpv4-sp/hard/libc.a(lib_a-sbrkr.o)
                0x0000000000002538                _sbrk_r
 .text._sbrk    0x000000000000255c       0x1c /usr/bin/../lib/gcc/arm-none-eabi/6.2.1/../../../../arm-none-eabi/lib/thumb/v7e-m/fpv4-sp/hard/libnosys.a(sbrk.o)
                0x000000000000255c                _sbrk
 *(.glue_7t)
 .glue_7t       0x0000000000002578        0x0 linker stubs
 *(.glue_7)
 .glue_7        0x0000000000002578        0x0 linker stubs
 *(.rodata .rodata* .gnu.linkonce.r.*)
 .rodata._ZTVN8std_msgs4TimeE
                0x0000000000002578       0x18 CMakeFiles/iocontrol.axf.dir/iocontrol.cpp.obj
                0x0000000000002578                vtable for std_msgs::Time
 .rodata._ZTVN14rosserial_msgs9TopicInfoE
                0x0000000000002590       0x18 CMakeFiles/iocontrol.axf.dir/iocontrol.cpp.obj
                0x0000000000002590                vtable for rosserial_msgs::TopicInfo
 .rodata._ZTVN14rosserial_msgs3LogE
                0x00000000000025a8       0x18 CMakeFiles/iocontrol.axf.dir/iocontrol.cpp.obj
                0x00000000000025a8                vtable for rosserial_msgs::Log
 .rodata._ZTVN14rosserial_msgs20RequestParamResponseE
                0x00000000000025c0       0x18 CMakeFiles/iocontrol.axf.dir/iocontrol.cpp.obj
                0x00000000000025c0                vtable for rosserial_msgs::RequestParamResponse
 .rodata._ZTVN19tivac_iocontrol_msg10IO_ControlE
                0x00000000000025d8       0x18 CMakeFiles/iocontrol.axf.dir/iocontrol.cpp.obj
                0x00000000000025d8                vtable for tivac_iocontrol_msg::IO_Control
 .rodata._ZTVN3ros11NodeHandle_I13TivaCHardwareLi25ELi25ELi512ELi512EEE
                0x00000000000025f0       0x14 CMakeFiles/iocontrol.axf.dir/iocontrol.cpp.obj
                0x00000000000025f0                vtable for ros::NodeHandle_<TivaCHardware, 25, 25, 512, 512>
 .rodata._ZTVN3ros10SubscriberIN19tivac_iocontrol_msg10IO_ControlEvEE
                0x0000000000002604       0x18 CMakeFiles/iocontrol.axf.dir/iocontrol.cpp.obj
                0x0000000000002604                vtable for ros::Subscriber<tivac_iocontrol_msg::IO_Control, void>
 .rodata._GLOBAL__sub_I_nh.str1.1
                0x000000000000261c       0x1d CMakeFiles/iocontrol.axf.dir/iocontrol.cpp.obj
 .rodata._ZN14rosserial_msgs20RequestParamResponse6getMD5Ev.str1.1
                0x0000000000002639       0x21 CMakeFiles/iocontrol.axf.dir/iocontrol.cpp.obj
 .rodata._ZN14rosserial_msgs3Log6getMD5Ev.str1.1
                0x000000000000265a       0x21 CMakeFiles/iocontrol.axf.dir/iocontrol.cpp.obj
 .rodata._ZN14rosserial_msgs3Log7getTypeEv.str1.1
                0x000000000000267b       0x13 CMakeFiles/iocontrol.axf.dir/iocontrol.cpp.obj
 .rodata._ZN14rosserial_msgs9TopicInfo6getMD5Ev.str1.1
                0x000000000000268e       0x21 CMakeFiles/iocontrol.axf.dir/iocontrol.cpp.obj
 .rodata._ZN14rosserial_msgs9TopicInfo7getTypeEv.str1.1
                0x00000000000026af       0x19 CMakeFiles/iocontrol.axf.dir/iocontrol.cpp.obj
 .rodata._ZN14rosserial_msgsL12REQUESTPARAME
                0x00000000000026c8       0x1c CMakeFiles/iocontrol.axf.dir/iocontrol.cpp.obj
 .rodata._ZN19tivac_iocontrol_msg10IO_Control6getMD5Ev.str1.1
                0x00000000000026e4       0x21 CMakeFiles/iocontrol.axf.dir/iocontrol.cpp.obj
 .rodata._ZN19tivac_iocontrol_msg10IO_Control7getTypeEv.str1.1
                0x0000000000002705       0x1f CMakeFiles/iocontrol.axf.dir/iocontrol.cpp.obj
 .rodata._ZN3ros11NodeHandle_I13TivaCHardwareLi25ELi25ELi512ELi512EE15negotiateTopicsEv.str1.1
                0x0000000000002724       0x1f CMakeFiles/iocontrol.axf.dir/iocontrol.cpp.obj
                                          0x1 (size before relaxing)
 .rodata._ZN3ros11NodeHandle_I13TivaCHardwareLi25ELi25ELi512ELi512EE7publishEiPKNS_3MsgE.str1.1
                0x0000000000002724       0x39 CMakeFiles/iocontrol.axf.dir/iocontrol.cpp.obj
 .rodata._ZN8std_msgs4Time6getMD5Ev.str1.1
                0x000000000000275d       0x21 CMakeFiles/iocontrol.axf.dir/iocontrol.cpp.obj
 .rodata._ZN8std_msgs4Time7getTypeEv.str1.1
                0x000000000000277e        0xe CMakeFiles/iocontrol.axf.dir/iocontrol.cpp.obj
 .rodata.g_pui32EnRegs
                0x000000000000278c       0x14 /home/wesley/Sources/TUhandControl/TivaC/TivaWare/driverlib/gcc/libdriver.a(interrupt.o)
 .rodata.g_pui32Xtals
                0x00000000000027a0       0x6c /home/wesley/Sources/TUhandControl/TivaC/TivaWare/driverlib/gcc/libdriver.a(sysctl.o)
 .rodata.g_ppui32TimerIntMap
                0x000000000000280c       0x60 /home/wesley/Sources/TUhandControl/TivaC/TivaWare/driverlib/gcc/libdriver.a(timer.o)
 .rodata.g_ppui32TimerIntMapSnowflake
                0x000000000000286c       0x40 /home/wesley/Sources/TUhandControl/TivaC/TivaWare/driverlib/gcc/libdriver.a(timer.o)
 .rodata.g_ppui32UARTIntMap
                0x00000000000028ac       0x40 /home/wesley/Sources/TUhandControl/TivaC/TivaWare/driverlib/gcc/libdriver.a(uart.o)
 .rodata.g_ppui32UARTIntMapSnowflake
                0x00000000000028ec       0x40 /home/wesley/Sources/TUhandControl/TivaC/TivaWare/driverlib/gcc/libdriver.a(uart.o)
 *(.ARM.extab* .gnu.linkonce.armextab.*)
                0x000000000000292c                . = ALIGN (0x4)
 *(.init)
                0x000000000000292c                . = ALIGN (0x4)
                0x000000000000292c                __preinit_array_start = .
 *(SORT(.preinit_array*))
 *(.preinit_array)
                0x000000000000292c                __preinit_array_end = .
                0x000000000000292c                . = ALIGN (0x4)
                0x000000000000292c                __init_array_start = .
 *(SORT(.init_array.*))
 *(.init_array)
 .init_array    0x000000000000292c        0x4 CMakeFiles/iocontrol.axf.dir/iocontrol.cpp.obj
                0x0000000000002930                __init_array_end = .
                0x0000000000002930                . = ALIGN (0x4)
 *(.fini)
                0x0000000000002930                . = ALIGN (0x4)
                0x0000000000002930                __fini_array_start = .
 *(.fini_array)
 *(SORT(.fini_array.*))
                0x0000000000002930                __fini_array_end = .
                0x0000000000002930                . = ALIGN (0x4)
                0x0000000000002930                _etext = .

.vfp11_veneer   0x0000000000002930        0x0
 .vfp11_veneer  0x0000000000002930        0x0 linker stubs

.v4_bx          0x0000000000002930        0x0
 .v4_bx         0x0000000000002930        0x0 linker stubs

.iplt           0x0000000000002930        0x0
 .iplt          0x0000000000002930        0x0 CMakeFiles/iocontrol.axf.dir/iocontrol.cpp.obj

.rel.dyn        0x0000000000002930        0x0
 .rel.iplt      0x0000000000002930        0x0 CMakeFiles/iocontrol.axf.dir/iocontrol.cpp.obj

.data           0x0000000020000000      0xaa8 load address 0x0000000000002930
                0x0000000020000000                . = ALIGN (0x4)
                0x0000000020000000                _data = .
 *(vtable)
 vtable         0x0000000020000000      0x26c /home/wesley/Sources/TUhandControl/TivaC/TivaWare/driverlib/gcc/libdriver.a(interrupt.o)
 *(.data .data* .gnu.linkonce.d.*)
 .data._impure_ptr
                0x000000002000026c        0x4 /usr/bin/../lib/gcc/arm-none-eabi/6.2.1/../../../../arm-none-eabi/lib/thumb/v7e-m/fpv4-sp/hard/libc.a(lib_a-impure.o)
                0x000000002000026c                _impure_ptr
 .data.impure_data
                0x0000000020000270      0x428 /usr/bin/../lib/gcc/arm-none-eabi/6.2.1/../../../../arm-none-eabi/lib/thumb/v7e-m/fpv4-sp/hard/libc.a(lib_a-impure.o)
 .data.__malloc_av_
                0x0000000020000698      0x408 /usr/bin/../lib/gcc/arm-none-eabi/6.2.1/../../../../arm-none-eabi/lib/thumb/v7e-m/fpv4-sp/hard/libc.a(lib_a-mallocr.o)
                0x0000000020000698                __malloc_av_
 .data.__malloc_sbrk_base
                0x0000000020000aa0        0x4 /usr/bin/../lib/gcc/arm-none-eabi/6.2.1/../../../../arm-none-eabi/lib/thumb/v7e-m/fpv4-sp/hard/libc.a(lib_a-mallocr.o)
                0x0000000020000aa0                __malloc_sbrk_base
 .data.__malloc_trim_threshold
                0x0000000020000aa4        0x4 /usr/bin/../lib/gcc/arm-none-eabi/6.2.1/../../../../arm-none-eabi/lib/thumb/v7e-m/fpv4-sp/hard/libc.a(lib_a-mallocr.o)
                0x0000000020000aa4                __malloc_trim_threshold
                0x0000000020000aa8                _edata = .

.igot.plt       0x0000000020000aa8        0x0 load address 0x00000000000033d8
 .igot.plt      0x0000000020000aa8        0x0 CMakeFiles/iocontrol.axf.dir/iocontrol.cpp.obj

.bss            0x0000000020000aa8      0x9b0 load address 0x00000000000033d8
                0x0000000020000aa8                . = ALIGN (0x4)
                0x0000000020000aa8                _bss = .
                0x0000000020000aa8                __bss_start__ = _bss
 *(.bss*)
 .bss.io_control
                0x0000000020000aa8       0x1c CMakeFiles/iocontrol.axf.dir/iocontrol.cpp.obj
                0x0000000020000aa8                io_control
 .bss.nh        0x0000000020000ac4      0x92c CMakeFiles/iocontrol.axf.dir/iocontrol.cpp.obj
                0x0000000020000ac4                nh
 .bss.g_ui32heartbeat
                0x00000000200013f0        0x4 CMakeFiles/iocontrol.axf.dir/home/wesley/Sources/MuscleLikeActuator/ros/build/ros_tivac/ros_lib/tivac_hardware.cpp.obj
                0x00000000200013f0                g_ui32heartbeat
 .bss.g_ui32milliseconds
                0x00000000200013f4        0x4 CMakeFiles/iocontrol.axf.dir/home/wesley/Sources/MuscleLikeActuator/ros/build/ros_tivac/ros_lib/tivac_hardware.cpp.obj
                0x00000000200013f4                g_ui32milliseconds
 .bss.rxBuffer  0x00000000200013f8       0x10 CMakeFiles/iocontrol.axf.dir/home/wesley/Sources/MuscleLikeActuator/ros/build/ros_tivac/ros_lib/tivac_hardware.cpp.obj
                0x00000000200013f8                rxBuffer
 .bss.txBuffer  0x0000000020001408       0x10 CMakeFiles/iocontrol.axf.dir/home/wesley/Sources/MuscleLikeActuator/ros/build/ros_tivac/ros_lib/tivac_hardware.cpp.obj
                0x0000000020001408                txBuffer
 .bss.__malloc_current_mallinfo
                0x0000000020001418       0x28 /usr/bin/../lib/gcc/arm-none-eabi/6.2.1/../../../../arm-none-eabi/lib/thumb/v7e-m/fpv4-sp/hard/libc.a(lib_a-mallocr.o)
                0x0000000020001418                __malloc_current_mallinfo
 .bss.__malloc_max_sbrked_mem
                0x0000000020001440        0x4 /usr/bin/../lib/gcc/arm-none-eabi/6.2.1/../../../../arm-none-eabi/lib/thumb/v7e-m/fpv4-sp/hard/libc.a(lib_a-mallocr.o)
                0x0000000020001440                __malloc_max_sbrked_mem
 .bss.__malloc_max_total_mem
                0x0000000020001444        0x4 /usr/bin/../lib/gcc/arm-none-eabi/6.2.1/../../../../arm-none-eabi/lib/thumb/v7e-m/fpv4-sp/hard/libc.a(lib_a-mallocr.o)
                0x0000000020001444                __malloc_max_total_mem
 .bss.__malloc_top_pad
                0x0000000020001448        0x4 /usr/bin/../lib/gcc/arm-none-eabi/6.2.1/../../../../arm-none-eabi/lib/thumb/v7e-m/fpv4-sp/hard/libc.a(lib_a-mallocr.o)
                0x0000000020001448                __malloc_top_pad
 .bss.heap_end.5239
                0x000000002000144c        0x4 /usr/bin/../lib/gcc/arm-none-eabi/6.2.1/../../../../arm-none-eabi/lib/thumb/v7e-m/fpv4-sp/hard/libnosys.a(sbrk.o)
 *(COMMON)
 COMMON         0x0000000020001450        0x4 /usr/bin/../lib/gcc/arm-none-eabi/6.2.1/../../../../arm-none-eabi/lib/thumb/v7e-m/fpv4-sp/hard/libc.a(lib_a-reent.o)
                0x0000000020001450                errno
                0x0000000020001454                . = ALIGN (0x4)
                0x0000000020001454                _ebss = .
                0x0000000020001454                __bss_end__ = _ebss
                0x0000000020001458                . = ALIGN (0x8)
 *fill*         0x0000000020001454        0x4 
                [!provide]                        PROVIDE (__exidx_start, .)

.ARM.exidx
 *(.ARM.exidx* .gnu.linkonce.armexidx.*)
                [!provide]                        PROVIDE (__exidx_end, .)
                0x0000000020001458                . = ALIGN (0x4)
                0x0000000020001458                _end = .
                0x0000000020001458                PROVIDE (end, _end)
                0x0000000020008000                PROVIDE (_estack, (ORIGIN (SRAM) + LENGTH (SRAM)))
OUTPUT(/home/wesley/Sources/MuscleLikeActuator/ros/devel/share/ros_tivac/iocontrol.axf elf32-littlearm)

.comment        0x0000000000000000       0x6e
 .comment       0x0000000000000000       0x6e CMakeFiles/iocontrol.axf.dir/iocontrol.cpp.obj
                                         0x6f (size before relaxing)
 .comment       0x000000000000006e       0x6f CMakeFiles/iocontrol.axf.dir/home/wesley/Sources/MuscleLikeActuator/ros/build/ros_tivac/ros_lib/startup_gcc.c.obj
 .comment       0x000000000000006e       0x6f CMakeFiles/iocontrol.axf.dir/home/wesley/Sources/TUhandControl/TivaC/TivaWare/utils/ringbuf.c.obj
 .comment       0x000000000000006e       0x6f CMakeFiles/iocontrol.axf.dir/home/wesley/Sources/MuscleLikeActuator/ros/build/ros_tivac/ros_lib/time.cpp.obj
 .comment       0x000000000000006e       0x6f CMakeFiles/iocontrol.axf.dir/home/wesley/Sources/MuscleLikeActuator/ros/build/ros_tivac/ros_lib/tivac_hardware.cpp.obj
 .comment       0x000000000000006e       0x6f /home/wesley/Sources/TUhandControl/TivaC/TivaWare/driverlib/gcc/libdriver.a(gpio.o)
 .comment       0x000000000000006e       0x6f /home/wesley/Sources/TUhandControl/TivaC/TivaWare/driverlib/gcc/libdriver.a(interrupt.o)
 .comment       0x000000000000006e       0x6f /home/wesley/Sources/TUhandControl/TivaC/TivaWare/driverlib/gcc/libdriver.a(sysctl.o)
 .comment       0x000000000000006e       0x6f /home/wesley/Sources/TUhandControl/TivaC/TivaWare/driverlib/gcc/libdriver.a(systick.o)
 .comment       0x000000000000006e       0x6f /home/wesley/Sources/TUhandControl/TivaC/TivaWare/driverlib/gcc/libdriver.a(timer.o)
 .comment       0x000000000000006e       0x6f /home/wesley/Sources/TUhandControl/TivaC/TivaWare/driverlib/gcc/libdriver.a(uart.o)
 .comment       0x000000000000006e       0x6f /home/wesley/Sources/TUhandControl/TivaC/TivaWare/driverlib/gcc/libdriver.a(cpu.o)

.ARM.attributes
                0x0000000000000000       0x37
 .ARM.attributes
                0x0000000000000000       0x39 CMakeFiles/iocontrol.axf.dir/iocontrol.cpp.obj
 .ARM.attributes
                0x0000000000000039       0x39 CMakeFiles/iocontrol.axf.dir/home/wesley/Sources/MuscleLikeActuator/ros/build/ros_tivac/ros_lib/startup_gcc.c.obj
 .ARM.attributes
                0x0000000000000072       0x39 CMakeFiles/iocontrol.axf.dir/home/wesley/Sources/TUhandControl/TivaC/TivaWare/utils/ringbuf.c.obj
 .ARM.attributes
                0x00000000000000ab       0x39 CMakeFiles/iocontrol.axf.dir/home/wesley/Sources/MuscleLikeActuator/ros/build/ros_tivac/ros_lib/time.cpp.obj
 .ARM.attributes
                0x00000000000000e4       0x39 CMakeFiles/iocontrol.axf.dir/home/wesley/Sources/MuscleLikeActuator/ros/build/ros_tivac/ros_lib/tivac_hardware.cpp.obj
 .ARM.attributes
                0x000000000000011d       0x39 /home/wesley/Sources/TUhandControl/TivaC/TivaWare/driverlib/gcc/libdriver.a(gpio.o)
 .ARM.attributes
                0x0000000000000156       0x39 /home/wesley/Sources/TUhandControl/TivaC/TivaWare/driverlib/gcc/libdriver.a(interrupt.o)
 .ARM.attributes
                0x000000000000018f       0x39 /home/wesley/Sources/TUhandControl/TivaC/TivaWare/driverlib/gcc/libdriver.a(sysctl.o)
 .ARM.attributes
                0x00000000000001c8       0x39 /home/wesley/Sources/TUhandControl/TivaC/TivaWare/driverlib/gcc/libdriver.a(systick.o)
 .ARM.attributes
                0x0000000000000201       0x39 /home/wesley/Sources/TUhandControl/TivaC/TivaWare/driverlib/gcc/libdriver.a(timer.o)
 .ARM.attributes
                0x000000000000023a       0x39 /home/wesley/Sources/TUhandControl/TivaC/TivaWare/driverlib/gcc/libdriver.a(uart.o)
 .ARM.attributes
                0x0000000000000273       0x39 /home/wesley/Sources/TUhandControl/TivaC/TivaWare/driverlib/gcc/libdriver.a(cpu.o)
 .ARM.attributes
                0x00000000000002ac       0x20 /usr/bin/../lib/gcc/arm-none-eabi/6.2.1/../../../../arm-none-eabi/lib/thumb/v7e-m/fpv4-sp/hard/libc.a(lib_a-memcpy.o)
 .ARM.attributes
                0x00000000000002cc       0x34 /usr/bin/../lib/gcc/arm-none-eabi/6.2.1/../../../../arm-none-eabi/lib/thumb/v7e-m/fpv4-sp/hard/libc.a(lib_a-realloc.o)
 .ARM.attributes
                0x0000000000000300       0x34 /usr/bin/../lib/gcc/arm-none-eabi/6.2.1/../../../../arm-none-eabi/lib/thumb/v7e-m/fpv4-sp/hard/libc.a(lib_a-reallocr.o)
 .ARM.attributes
                0x0000000000000334       0x20 /usr/bin/../lib/gcc/arm-none-eabi/6.2.1/../../../../arm-none-eabi/lib/thumb/v7e-m/fpv4-sp/hard/libc.a(lib_a-strlen.o)
 .ARM.attributes
                0x0000000000000354       0x34 /usr/bin/../lib/gcc/arm-none-eabi/6.2.1/../../../../arm-none-eabi/lib/thumb/v7e-m/fpv4-sp/hard/libc.a(lib_a-freer.o)
 .ARM.attributes
                0x0000000000000388       0x34 /usr/bin/../lib/gcc/arm-none-eabi/6.2.1/../../../../arm-none-eabi/lib/thumb/v7e-m/fpv4-sp/hard/libc.a(lib_a-impure.o)
 .ARM.attributes
                0x00000000000003bc       0x34 /usr/bin/../lib/gcc/arm-none-eabi/6.2.1/../../../../arm-none-eabi/lib/thumb/v7e-m/fpv4-sp/hard/libc.a(lib_a-mallocr.o)
 .ARM.attributes
                0x00000000000003f0       0x34 /usr/bin/../lib/gcc/arm-none-eabi/6.2.1/../../../../arm-none-eabi/lib/thumb/v7e-m/fpv4-sp/hard/libc.a(lib_a-memmove.o)
 .ARM.attributes
                0x0000000000000424       0x34 /usr/bin/../lib/gcc/arm-none-eabi/6.2.1/../../../../arm-none-eabi/lib/thumb/v7e-m/fpv4-sp/hard/libc.a(lib_a-mlock.o)
 .ARM.attributes
                0x0000000000000458       0x34 /usr/bin/../lib/gcc/arm-none-eabi/6.2.1/../../../../arm-none-eabi/lib/thumb/v7e-m/fpv4-sp/hard/libc.a(lib_a-sbrkr.o)
 .ARM.attributes
                0x000000000000048c       0x34 /usr/bin/../lib/gcc/arm-none-eabi/6.2.1/../../../../arm-none-eabi/lib/thumb/v7e-m/fpv4-sp/hard/libc.a(lib_a-reent.o)
 .ARM.attributes
                0x00000000000004c0       0x34 /usr/bin/../lib/gcc/arm-none-eabi/6.2.1/../../../../arm-none-eabi/lib/thumb/v7e-m/fpv4-sp/hard/libnosys.a(sbrk.o)

.debug_frame    0x0000000000000000      0x258
 .debug_frame   0x0000000000000000       0x20 /usr/bin/../lib/gcc/arm-none-eabi/6.2.1/../../../../arm-none-eabi/lib/thumb/v7e-m/fpv4-sp/hard/libc.a(lib_a-realloc.o)
 .debug_frame   0x0000000000000020       0x68 /usr/bin/../lib/gcc/arm-none-eabi/6.2.1/../../../../arm-none-eabi/lib/thumb/v7e-m/fpv4-sp/hard/libc.a(lib_a-reallocr.o)
 .debug_frame   0x0000000000000088       0x74 /usr/bin/../lib/gcc/arm-none-eabi/6.2.1/../../../../arm-none-eabi/lib/thumb/v7e-m/fpv4-sp/hard/libc.a(lib_a-freer.o)
 .debug_frame   0x00000000000000fc       0x58 /usr/bin/../lib/gcc/arm-none-eabi/6.2.1/../../../../arm-none-eabi/lib/thumb/v7e-m/fpv4-sp/hard/libc.a(lib_a-mallocr.o)
 .debug_frame   0x0000000000000154       0x30 /usr/bin/../lib/gcc/arm-none-eabi/6.2.1/../../../../arm-none-eabi/lib/thumb/v7e-m/fpv4-sp/hard/libc.a(lib_a-memmove.o)
 .debug_frame   0x0000000000000184       0x30 /usr/bin/../lib/gcc/arm-none-eabi/6.2.1/../../../../arm-none-eabi/lib/thumb/v7e-m/fpv4-sp/hard/libc.a(lib_a-mlock.o)
 .debug_frame   0x00000000000001b4       0x2c /usr/bin/../lib/gcc/arm-none-eabi/6.2.1/../../../../arm-none-eabi/lib/thumb/v7e-m/fpv4-sp/hard/libc.a(lib_a-sbrkr.o)
 .debug_frame   0x00000000000001e0       0x58 /usr/bin/../lib/gcc/arm-none-eabi/6.2.1/../../../../arm-none-eabi/lib/thumb/v7e-m/fpv4-sp/hard/libc.a(lib_a-reent.o)
 .debug_frame   0x0000000000000238       0x20 /usr/bin/../lib/gcc/arm-none-eabi/6.2.1/../../../../arm-none-eabi/lib/thumb/v7e-m/fpv4-sp/hard/libnosys.a(sbrk.o)
